// Jest Snapshot v1, https://goo.gl/fbAQLP

exports[`renders a snapshot 1`] = `
<div
  className="card"
>
  <div
    className="card"
    style={
      Object {
        "width": "18rem",
      }
    }
  >
    <img
      className="card-img-top"
      src="Luffy.jpeg"
    />
    <div
      className="card-title h5"
    >
      Luffy
    </div>
    <p
      className="card-text"
    >
      I am a anime character and I will be the one who will become the King of Pirates
    </p>
  </div>
</div>
`;
